map "http://worldhealthorganization.github.io/smart-ot/StructureMap/MeaslesLogicalModelToResources" = "MeaslesLogicalModelToResources"
uses "http://worldhealthorganization.github.io/smart-ot/StructureDefinition/SOTMeasles" alias MeaslesLogicalModel as source
uses "http://hl7.org/fhir/StructureDefinition/Bundle" alias MeaslesCIFBundle as target

group MeaslesLogicalModelToResources(source lm : MeaslesLogicalModel, target bundle : MeaslesCIFBundle) {
  lm -> bundle.type = 'document' "set bundle type";
  lm -> uuid() as id, bundle.id = id "set id";
  lm -> uuid() as cid then { 
    lm -> bundle.entry as entry,  entry.fullUrl = append('urn:uuid:', cid),  entry.request as request,  request.method = 'PUT',  request.url = append('Composition/', cid), create('http://worldhealthorganization.github.io/smart-ot/StructureDefinition/MeaslesCIFComposition') as composition then {
      lm then LmToComposition(lm, composition) "setup composition";
      lm -> entry.resource = composition "set composition resource";
      } "create composition resource";
} "do it" ;
}

group LmToComposition(source lm : MeaslesLogicalModel, target composition : MeaslesCIFComposition) {
 // cid -> composition.id = cid "set id";
  lm.Demographics as demographics -> uuid() as pid, create('http://worldhealthorganization.github.io/smart-ot/StructureDefinition/MeaslesPatient') as patient then { demographics then DemographicsToPatient(demographics, patient, pid) "set patient";
  lm -> composition.subject= patient "set subject";
  } "do this";
}

group DemographicsToPatient(source demographics:DemographicsLogicalModel , target patient: MeaslesPatient, source pid) {
 pid -> patient.id = pid "set id";
 demographics.name as name -> patient.name = name "set name";
 demographics.DateOfBirth as dob -> patient.birthDate = dob "set date of birth";
 demographics.Sex as sex -> patient.gender = sex "set sex";
 demographics.CountryOfBirth as cob -> patient.CountryOfBirth = cob "set CountryOfBirth";
 demographics.Landmark as landmark -> patient.extension as ext then {
  landmark -> ext.url = 'http://worldhealthorganization.github.io/smart-ot/StructureDefinition/Landmark' , ext.value = landmark "set landmark value";
 } "set landmark";
 demographics.Guardian as guardian -> patient.extension as ext then {
  guardian -> ext.url = 'http://worldhealthorganization.github.io/smart-ot/StructureDefinition/Guardian' , ext.value = guardian "set guardian value";
 } "set guardian";
 demographics.Telephone as phone -> patient.telecom = phone "set telephone";
 demographics.PlaceOfResidence as address -> patient.address = address "set address";
 demographics.Occupation as occupation -> patient.extension as ext then {
  occupation -> ext.url ='http://worldhealthorganization.github.io/smart-ot/StructureDefinition/Occupation', ext.value = occupation "set occupation value";
 } "set occupation";
 demographics.WorkAddress as workAddress -> patient.extension as ext then {
 workAddress -> ext.url = 'http://worldhealthorganization.github.io/smart-ot/StructureDefinition/WorkAddress', ext.value = workAddress "set work address value";
 } "set work address";
}